Ligue 1 (FRA)      Brest          -Toulouse       BET  OU  Over 2.5                    @ 2.04 e +6.00 xg +3.09 sp +8.91 rb +1.21 
Premier League (E  Liverpool      -Nottm Forest   geen 1X2 2 (Nottm Forest wint)       @ 6.26 e +7.82 xg +3.84 sp+11.79 rb +1.60 odds
Premier League (E  Bournemouth    -Everton        geen OU  Over 2.5                    @ 1.96 e +1.49 xg+12.10 sp -9.12 rb+11.44 edge
La Liga (ESP)      Real Sociedad  -Espanyol       BET  OU  Over 2.5                    @ 1.91 e+16.91 xg +9.41 sp+24.41 rb +8.76 
Ekstraklasa (POL)  Motor Lublin   -Piast Gliwice  geen DC  Double Chance — Piast Gliw  @ 1.67 e +1.96 xg +0.77 sp +3.15 rb -0.22 edge
Eredivisie (NED)   Excelsior      -Sparta Rotterd geen OU  Under 3.0                   @ 2.02 e +5.15 xg -2.49 sp+12.79 rb -2.99 tweede_methode
Ligue 1 (FRA)      Auxerre        -Angers         BET  DNB Draw No Bet — Auxerre       @ 1.52 e +3.75 xg +1.21 sp +6.30 rb +0.63 
Eredivisie (NED)   PEC Zwolle     -NEC Nijmegen   geen AH  PEC Zwolle +0.75            @ 2.03 e +4.11 xg +8.34 sp -0.12 rb +3.65 tweede_methode
La Liga (ESP)      Levante        -Real Betis     BET  OU  Over 2.5                    @ 2.08 e+14.22 xg+11.79 sp+16.65 rb+11.34 
La Liga (ESP)      Sevilla        -Atlético Madri BET  DC  Double Chance — Sevilla of  @ 1.90 e +5.36 xg +7.18 sp +3.54 rb +3.48 
Ekstraklasa (POL)  Radomiak Radom -Cracovia       BET  DC  Double Chance — Radomiak R  @ 1.67 e+13.29 xg +5.65 sp+20.93 rb +3.90 
Bundesliga (GER)   RB Leipzig     -M'gladbach     BET  OU  Over 3.0                    @ 1.82 e +3.21 xg +5.30 sp +1.11 rb +5.11 
Primeira Liga (PO  Alverca        -Santa Clara    geen OU  Over 2.5                    @ 2.64 e +1.65 xg +3.81 sp -0.51 rb +0.19 edge
Eredivisie (NED)   AZ Alkmaar     -Go Ahead Eagle geen AH  Go Ahead Eagles +1.5        @ 1.88 e +3.08 xg -3.25 sp +9.40 rb -9.07 tweede_methode
Ekstraklasa (POL)  Zagłębie Lubin -Pogoń Szczecin BET  DNB Draw No Bet — Zagłębie Lub  @ 1.92 e+11.72 xg +4.15 sp+19.30 rb +2.94 
Ligue 1 (FRA)      Lyon           -Le Havre       BET  AH  Le Havre +1.5               @ 1.67 e +3.05 xg +5.90 sp +0.20 rb +3.33 
Premier League (E  Tottenham      -Newcastle      BET  OU  Under 3.0                   @ 1.83 e+10.41 xg +6.84 sp+13.99 rb +5.98 
Championship (ENG  Blackburn      -QPR            geen OU  Under 2.5                   @ 1.89 e +7.91 xg +0.44 sp+15.37 rb -0.49 robuustheid
Championship (ENG  Bristol City   -Portsmouth     geen OU  Over 2.5                    @ 2.12 e +8.15 xg +0.12 sp+16.18 rb -1.65 robuustheid
Super Lig (TUR)    Galatasaray    -Göztepe        geen AH  Göztepe +1.25               @ 1.95 e +3.37 xg +8.65 sp -1.90 rb +5.81 tweede_methode
Bundesliga (GER)   Köln           -Hoffenheim     BET  OU  Over 2.5                    @ 1.57 e+10.76 xg +4.90 sp+16.62 rb +4.88 
Bundesliga (GER)   Union Berlin   -Frankfurt      BET  AH  Union Berlin -1             @ 4.30 e +3.27 xg +4.18 sp +2.37 rb +3.40 
Bundesliga (GER)   Dortmund       -Hamburger SV   geen AH  Dortmund -1.5               @ 2.02 e +4.71 xg -1.96 sp+11.39 rb -4.83 tweede_methode
Ligue 1 (FRA)      Strasbourg     -Lens           BET  OU  Over 2.5                    @ 1.70 e +7.03 xg +7.47 sp +6.60 rb +6.72 
Serie A (ITA)      Sassuolo       -Torino         BET  OU  Over 2.5                    @ 2.12 e +9.87 xg +5.48 sp+14.27 rb +5.11 
Serie A (ITA)      Juventus       -Parma          BET  OU  Under 2.5                   @ 2.32 e+10.29 xg +2.59 sp+17.99 rb +0.27 
Championship (ENG  Derby          -Swansea        geen AH  Derby -0.25                 @ 2.08 e +2.72 xg +1.27 sp +4.17 rb +0.95 edge
Super Lig (TUR)    Gaziantep FK   -Rizespor       BET  OU  Over 2.5                    @ 1.87 e+11.81 xg +8.81 sp+14.82 rb +7.95 
Championship (ENG  Middlesbrough  -West Brom      BET  OU  Under 2.5                   @ 2.10 e +9.85 xg +6.85 sp+12.84 rb +5.66 
Championship (ENG  Charlton       -Preston        geen AH  Preston +0.25               @ 2.10 e +8.30 xg +4.22 sp+12.38 rb +3.93 context
Championship (ENG  Southampton    -Millwall       geen DC  Double Chance — Millwall o  @ 1.91 e +1.57 xg -0.76 sp +3.89 rb -2.28 edge
Super Lig (TUR)    Konyaspor      -Kocaelispor    geen OU  Under 2.5                   @ 1.78 e +5.78 xg +0.71 sp+10.84 rb -0.97 robuustheid
Scottish Premiers  Kilmarnock     -Dundee United  BET  OU  Over 2.5                    @ 1.76 e+14.38 xg +8.92 sp+19.84 rb +8.02 
Scottish Premiers  Celtic         -Falkirk        BET  OU  Under 3.5                   @ 1.95 e+13.78 xg +7.94 sp+19.62 rb +6.67 
Ligue 1 (FRA)      Lorient        -Troyes         BET  OU  Over 2.5                    @ 2.10 e +7.77 xg +7.50 sp +8.04 rb +6.40 
