 1/49 Premier League (EN   Liverpool      -Nottm Forest    rich  7.33 FULL  
 2/49 Premier League (EN   Bournemouth    -Everton         rich  7.33 FULL  
 3/49 Premier League (EN   Coventry       -Hull            rich  5.50 CONV  
 4/49 Premier League (EN   Tottenham      -Newcastle       rich  5.83 FULL  
 5/49 Serie A (ITA)        Fiorentina     -Frosinone       rich  5.33 CONV  
 6/49 Serie A (ITA)        Monza          -Udinese         rich  5.33 CONV  
 7/49 Serie A (ITA)        Sassuolo       -Torino          rich  5.33 FULL  
 8/49 Serie A (ITA)        Juventus       -Parma           rich  5.33 FULL  
 9/49 La Liga (ESP)        Levante        -Real Betis      rich  6.17 FULL  
10/49 La Liga (ESP)        Real Sociedad  -Espanyol        rich  7.17 FULL  
11/49 La Liga (ESP)        Sevilla        -Atlético Madri  rich  6.17 FULL  
12/49 Bundesliga (GER)     Elversberg     -Leverkusen      rich  5.00 CONV  
13/49 Bundesliga (GER)     Köln           -Hoffenheim      rich  5.50 FULL  
14/49 Bundesliga (GER)     Mainz          -Paderborn       rich  5.50 CONV  
15/49 Bundesliga (GER)     RB Leipzig     -M'gladbach      rich  6.00 FULL  
16/49 Bundesliga (GER)     Union Berlin   -Frankfurt       rich  5.50 FULL  
17/49 Bundesliga (GER)     Dortmund       -Hamburger SV    rich  5.50 FULL  
18/49 Ligue 1 (FRA)        Strasbourg     -Lens            rich  5.33 FULL  
19/49 Ligue 1 (FRA)        Auxerre        -Angers          rich  6.33 FULL  
20/49 Ligue 1 (FRA)        Brest          -Toulouse        rich  7.33 FULL  
21/49 Ligue 1 (FRA)        Lorient        -Troyes          rich  5.83 CONV  
22/49 Ligue 1 (FRA)        Lyon           -Le Havre        rich  5.83 FULL  
23/49 Championship (ENG)   Derby          -Swansea         rich  5.17 FULL  
24/49 Championship (ENG)   Middlesbrough  -West Brom       rich  4.67 FULL  
25/49 Championship (ENG)   Wolves         -Stoke           rich  4.83 CONV  
26/49 Championship (ENG)   Blackburn      -QPR             rich  5.67 FULL  
27/49 Championship (ENG)   Bolton         -Lincoln         rich  4.50 CONV  
28/49 Championship (ENG)   Bristol City   -Portsmouth      rich  5.67 FULL  
29/49 Championship (ENG)   Cardiff        -Sheff Utd       rich  5.33 CONV  
30/49 Championship (ENG)   Charlton       -Preston         rich  4.67 FULL  
31/49 Championship (ENG)   Norwich        -Burnley         rich  5.17 CONV  
32/49 Championship (ENG)   Southampton    -Millwall        rich  4.67 FULL  
33/49 Championship (ENG)   Watford        -West Ham     36/49 Eredivisie (NED)     PEC Zwolle     -NEC Nijmegen    rich  6.33  
37/49 Primeira Liga (POR   Alverca        -Santa Clara     rich  6.00  
38/49 Primeira Liga (POR   Arouca         -Marítimo        rich  7.00  
39/49 Primeira Liga (POR   Académico Vise -FC Porto        rich  8.50  
40/49 Super Lig (TUR)      Konyaspor      -Kocaelispor     rich  4.67  
41/49 Super Lig (TUR)      Galatasaray    -Göztepe         rich  5.67  
42/49 Super Lig (TUR)      Gaziantep FK   -Rizespor        rich  5.17  
43/49 Scottish Premiersh   Celtic         -Falkirk         rich  4.17  
44/49 Scottish Premiersh   Hearts         -St. Johnstone   rich  4.17  
45/49 Scottish Premiersh   Kilmarnock     -Dundee United   rich  4.33  
46/49 Ekstraklasa (POL)    Radomiak Radom -Cracovia        rich  6.00  
47/49 Ekstraklasa (POL)    Motor Lublin   -Piast Gliwice   rich  7.00  
48/49 Ekstraklasa (POL)    Wisła Kraków   -Wieczysta Krak  rich  7.00  
49/49 Ekstraklasa (POL)    Zagłębie Lubin -Pogoń Szczecin  rich  6.00  
0 FULL  
47/49 Ekstraklasa (POL)    Motor Lublin   -Piast Gliwice   rich  7.00 FULL  
48/49 Ekstraklasa (POL)    Wisła Kraków   -Wieczysta Krak  rich  7.00 CONV  
49/49 Ekstraklasa (POL)    Zagłębie Lubin -Pogoń Szczecin  rich  6.00 FULL  
KLAAR 49
